#
# There is insufficient memory for the Java Runtime Environment to continue.
# Native memory allocation (malloc) failed to allocate 1048576 bytes. Error detail: AllocateHeap
# Possible reasons:
#   The system is out of physical RAM or swap space
#   This process is running with CompressedOops enabled, and the Java Heap may be blocking the growth of the native heap
# Possible solutions:
#   Reduce memory load on the system
#   Increase physical memory or swap space
#   Check if swap backing store is full
#   Decrease Java heap size (-Xmx/-Xms)
#   Decrease number of Java threads
#   Decrease Java thread stack sizes (-Xss)
#   Set larger code cache with -XX:ReservedCodeCacheSize=
#   JVM is running with Unscaled Compressed Oops mode in which the Java heap is
#     placed in the first 4GB address space. The Java Heap base address is the
#     maximum limit for the native heap growth. Please use -XX:HeapBaseMinAddress
#     to set the Java Heap base and to place the Java Heap above 4GB virtual address.
# This output file may be truncated or incomplete.
#
#  Out of Memory Error (allocation.cpp:44), pid=23640, tid=1288
#
# JRE version: OpenJDK Runtime Environment Temurin-21.0.10+7 (21.0.10+7) (build 21.0.10+7-LTS)
# Java VM: OpenJDK 64-Bit Server VM Temurin-21.0.10+7 (21.0.10+7-LTS, mixed mode, sharing, tiered, compressed oops, compressed class ptrs, parallel gc, windows-amd64)
# No core dump will be written. Minidumps are not enabled by default on client versions of Windows
#

---------------  S U M M A R Y ------------

Command Line: --add-modules=ALL-SYSTEM --add-opens=java.base/java.util=ALL-UNNAMED --add-opens=java.base/java.lang=ALL-UNNAMED --add-opens=java.base/sun.nio.fs=ALL-UNNAMED -Declipse.application=org.eclipse.jdt.ls.core.id1 -Dosgi.bundles.defaultStartLevel=4 -Declipse.product=org.eclipse.jdt.ls.core.product -Djava.import.generatesMetadataFilesAtProjectRoot=false -DDetectVMInstallationsJob.disabled=true -Dfile.encoding=utf8 -XX:+UseParallelGC -XX:GCTimeRatio=4 -XX:AdaptiveSizePolicyWeight=90 -Dsun.zip.disableMemoryMapping=true -Xmx2G -Xms100m -Xlog:disable -javaagent:c:\Users\didieraitondji\.vscode\extensions\redhat.java-1.53.0-win32-x64\lombok\lombok-1.18.39-4050.jar -XX:+HeapDumpOnOutOfMemoryError -XX:HeapDumpPath=c:\Users\didieraitondji\AppData\Roaming\Code\User\workspaceStorage\8139a7c7f7bf452c962a912c12c8c4a0\redhat.java -Daether.dependencyCollector.impl=bf c:\Users\didieraitondji\.vscode\extensions\redhat.java-1.53.0-win32-x64\server\plugins\org.eclipse.equinox.launcher_1.7.100.v20251111-0406.jar -configuration c:\Users\didieraitondji\AppData\Roaming\Code\User\globalStorage\redhat.java\1.53.0\config_win -data c:\Users\didieraitondji\AppData\Roaming\Code\User\workspaceStorage\8139a7c7f7bf452c962a912c12c8c4a0\redhat.java\jdt_ws --pipe=\\.\pipe\lsp-762610c927f9c4ca75d9c0b22632e6a7-sock

Host: Intel(R) Core(TM) i7-10510U CPU @ 1.80GHz, 8 cores, 15G,  Windows 11 , 64 bit Build 26100 (10.0.26100.7920)
Time: Fri Mar  6 17:32:27 2026 Afr. centrale Ouest elapsed time: 9216.720127 seconds (0d 2h 33m 36s)

---------------  T H R E A D  ---------------

Current thread (0x000001e66065eb00):  JavaThread "Attach Listener" daemon [_thread_in_vm, id=1288, stack(0x00000006b3c00000,0x00000006b3d00000) (1024K)]

Stack: [0x00000006b3c00000,0x00000006b3d00000]
Native frames: (J=compiled Java code, j=interpreted, Vv=VM code, C=native code)
V  [jvm.dll+0x6d7a39]
V  [jvm.dll+0x8b4b26]
V  [jvm.dll+0x8b70de]
V  [jvm.dll+0x8b77c3]
V  [jvm.dll+0x284346]
V  [jvm.dll+0xc1277]
V  [jvm.dll+0x6d82e9]
V  [jvm.dll+0x1334a6]
V  [jvm.dll+0x3f857e]
V  [jvm.dll+0x85f59d]
V  [jvm.dll+0x6d626d]
C  [ucrtbase.dll+0x37b0]
C  [KERNEL32.DLL+0x2e8d7]
C  [ntdll.dll+0x8c48c]


---------------  P R O C E S S  ---------------

Threads class SMR info:
_java_thread_list=0x000001e67f5b2450, length=41, elements={
0x000001e6606e57c0, 0x000001e660656700, 0x000001e6606592f0, 0x000001e66065be10,
0x000001e66065eb00, 0x000001e660661980, 0x000001e6606623e0, 0x000001e660665230,
0x000001e6789789e0, 0x000001e678b7e7e0, 0x000001e678c478d0, 0x000001e67d97c460,
0x000001e67d977070, 0x000001e67da6c070, 0x000001e67da6d2c0, 0x000001e67e122410,
0x000001e67dc538b0, 0x000001e67e04aae0, 0x000001e67d96e8d0, 0x000001e67d96ce90,
0x000001e67d96c800, 0x000001e6413b5b20, 0x000001e6413b61b0, 0x000001e6413b2d30,
0x000001e6413b40e0, 0x000001e6413b4770, 0x000001e6413b4e00, 0x000001e6418fc4e0,
0x000001e6418fa410, 0x000001e6418fbe50, 0x000001e6418fd200, 0x000001e6418fcb70,
0x000001e6418f9d80, 0x000001e6418fdf20, 0x000001e6418faaa0, 0x000001e6418fe5b0,
0x000001e6418fb7c0, 0x000001e6418fec40, 0x000001e641900d10, 0x000001e6416204d0,
0x000001e641620b60
}

Java Threads: ( => current thread )
  0x000001e6606e57c0 JavaThread "main"                              [_thread_blocked, id=10548, stack(0x00000006b3500000,0x00000006b3600000) (1024K)]
  0x000001e660656700 JavaThread "Reference Handler"          daemon [_thread_blocked, id=16872, stack(0x00000006b3900000,0x00000006b3a00000) (1024K)]
  0x000001e6606592f0 JavaThread "Finalizer"                  daemon [_thread_blocked, id=26708, stack(0x00000006b3a00000,0x00000006b3b00000) (1024K)]
  0x000001e66065be10 JavaThread "Signal Dispatcher"          daemon [_thread_blocked, id=11328, stack(0x00000006b3b00000,0x00000006b3c00000) (1024K)]
=>0x000001e66065eb00 JavaThread "Attach Listener"            daemon [_thread_in_vm, id=1288, stack(0x00000006b3c00000,0x00000006b3d00000) (1024K)]
  0x000001e660661980 JavaThread "Service Thread"             daemon [_thread_blocked, id=31724, stack(0x00000006b3d00000,0x00000006b3e00000) (1024K)]
  0x000001e6606623e0 JavaThread "Monitor Deflation Thread"   daemon [_thread_blocked, id=6288, stack(0x00000006b3e00000,0x00000006b3f00000) (1024K)]
  0x000001e660665230 JavaThread "C2 CompilerThread0"         daemon [_thread_blocked, id=28112, stack(0x00000006b3f00000,0x00000006b4000000) (1024K)]
  0x000001e6789789e0 JavaThread "C1 CompilerThread0"         daemon [_thread_blocked, id=11480, stack(0x00000006b4000000,0x00000006b4100000) (1024K)]
  0x000001e678b7e7e0 JavaThread "Common-Cleaner"             daemon [_thread_blocked, id=30448, stack(0x00000006b4100000,0x00000006b4200000) (1024K)]
  0x000001e678c478d0 JavaThread "Notification Thread"        daemon [_thread_blocked, id=28664, stack(0x00000006b4200000,0x00000006b4300000) (1024K)]
  0x000001e67d97c460 JavaThread "Active Thread: Equinox Container: 6e7697a8-303e-4a84-baa2-b28a3ddf04bd"        [_thread_blocked, id=29368, stack(0x00000006b4b00000,0x00000006b4c00000) (1024K)]
  0x000001e67d977070 JavaThread "Refresh Thread: Equinox Container: 6e7697a8-303e-4a84-baa2-b28a3ddf04bd" daemon [_thread_blocked, id=19336, stack(0x00000006b4d00000,0x00000006b4e00000) (1024K)]
  0x000001e67da6c070 JavaThread "Framework Event Dispatcher: Equinox Container: 6e7697a8-303e-4a84-baa2-b28a3ddf04bd" daemon [_thread_blocked, id=22588, stack(0x00000006b4e00000,0x00000006b4f00000) (1024K)]
  0x000001e67da6d2c0 JavaThread "Start Level: Equinox Container: 6e7697a8-303e-4a84-baa2-b28a3ddf04bd" daemon [_thread_blocked, id=29480, stack(0x00000006b4f00000,0x00000006b5000000) (1024K)]
  0x000001e67e122410 JavaThread "Bundle File Closer"         daemon [_thread_blocked, id=19116, stack(0x00000006b5000000,0x00000006b5100000) (1024K)]
  0x000001e67dc538b0 JavaThread "SCR Component Actor"        daemon [_thread_blocked, id=16232, stack(0x00000006b5100000,0x00000006b5200000) (1024K)]
  0x000001e67e04aae0 JavaThread "Worker-JM"                         [_thread_blocked, id=30216, stack(0x00000006b4a00000,0x00000006b4b00000) (1024K)]
  0x000001e67d96e8d0 JavaThread "Worker-1"                          [_thread_blocked, id=5116, stack(0x00000006b5200000,0x00000006b5300000) (1024K)]
  0x000001e67d96ce90 JavaThread "Java indexing"              daemon [_thread_blocked, id=16200, stack(0x00000006b5400000,0x00000006b5500000) (1024K)]
  0x000001e67d96c800 JavaThread "JNA Cleaner"                daemon [_thread_blocked, id=30980, stack(0x00000006b5800000,0x00000006b5900000) (1024K)]
  0x000001e6413b5b20 JavaThread "Worker-4"                          [_thread_blocked, id=19508, stack(0x00000006b5b00000,0x00000006b5c00000) (1024K)]
  0x000001e6413b61b0 JavaThread "Thread-1"                   daemon [_thread_in_native, id=17600, stack(0x00000006b5d00000,0x00000006b5e00000) (1024K)]
  0x000001e6413b2d30 JavaThread "Thread-2"                   daemon [_thread_in_native, id=10376, stack(0x00000006b5e00000,0x00000006b5f00000) (1024K)]
  0x000001e6413b40e0 JavaThread "Thread-3"                   daemon [_thread_in_native, id=27624, stack(0x00000006b5f00000,0x00000006b6000000) (1024K)]
  0x000001e6413b4770 JavaThread "Thread-4"                   daemon [_thread_in_native, id=4184, stack(0x00000006b6000000,0x00000006b6100000) (1024K)]
  0x000001e6413b4e00 JavaThread "Thread-5"                   daemon [_thread_in_native, id=29172, stack(0x00000006b6100000,0x00000006b6200000) (1024K)]
  0x000001e6418fc4e0 JavaThread "Thread-6"                   daemon [_thread_in_native, id=30964, stack(0x00000006b6200000,0x00000006b6300000) (1024K)]
  0x000001e6418fa410 JavaThread "Thread-7"                   daemon [_thread_in_native, id=24260, stack(0x00000006b6300000,0x00000006b6400000) (1024K)]
  0x000001e6418fbe50 JavaThread "Thread-8"                   daemon [_thread_in_native, id=20232, stack(0x00000006b6400000,0x00000006b6500000) (1024K)]
  0x000001e6418fd200 JavaThread "Thread-9"                   daemon [_thread_in_native, id=16528, stack(0x00000006b6500000,0x00000006b6600000) (1024K)]
  0x000001e6418fcb70 JavaThread "pool-2-thread-1"                   [_thread_blocked, id=15192, stack(0x00000006b6600000,0x00000006b6700000) (1024K)]
  0x000001e6418f9d80 JavaThread "WorkspaceEventsHandler"            [_thread_blocked, id=31536, stack(0x00000006b6800000,0x00000006b6900000) (1024K)]
  0x000001e6418fdf20 JavaThread "pool-1-thread-1"                   [_thread_blocked, id=9628, stack(0x00000006b6900000,0x00000006b6a00000) (1024K)]
  0x000001e6418faaa0 JavaThread "Timer-0"                           [_thread_blocked, id=13464, stack(0x00000006b5700000,0x00000006b5800000) (1024K)]
  0x000001e6418fe5b0 JavaThread "Timer-1"                           [_thread_blocked, id=1844, stack(0x00000006b5300000,0x00000006b5400000) (1024K)]
  0x000001e6418fb7c0 JavaThread "Timer-2"                           [_thread_blocked, id=13488, stack(0x00000006b6a00000,0x00000006b6b00000) (1024K)]
  0x000001e6418fec40 JavaThread "Timer-3"                           [_thread_blocked, id=17416, stack(0x00000006b6c00000,0x00000006b6d00000) (1024K)]
  0x000001e641900d10 JavaThread "Timer-4"                           [_thread_blocked, id=10212, stack(0x00000006b6e00000,0x00000006b6f00000) (1024K)]
  0x000001e6416204d0 JavaThread "Timer-5"                           [_thread_blocked, id=25300, stack(0x00000006b3400000,0x00000006b3500000) (1024K)]
  0x000001e641620b60 JavaThread "Timer-6"                           [_thread_blocked, id=9436, stack(0x00000006b5c00000,0x00000006b5d00000) (1024K)]
Total: 41

Other Threads:
  0x000001e660786790 VMThread "VM Thread"                           [id=4016, stack(0x00000006b3800000,0x00000006b3900000) (1024K)]
  0x000001e66056ca00 WatcherThread "VM Periodic Task Thread"        [id=7456, stack(0x00000006b3700000,0x00000006b3800000) (1024K)]
  0x000001e660703b40 WorkerThread "GC Thread#0"                     [id=27564, stack(0x00000006b3600000,0x00000006b3700000) (1024K)]
  0x000001e67d7a92e0 WorkerThread "GC Thread#1"                     [id=27884, stack(0x00000006b4400000,0x00000006b4500000) (1024K)]
  0x000001e67d1a8540 WorkerThread "GC Thread#2"                     [id=25948, stack(0x00000006b4500000,0x00000006b4600000) (1024K)]
  0x000001e67d1a88f0 WorkerThread "GC Thread#3"                     [id=6856, stack(0x00000006b4600000,0x00000006b4700000) (1024K)]
  0x000001e67d1a8ca0 WorkerThread "GC Thread#4"                     [id=26520, stack(0x00000006b4700000,0x00000006b4800000) (1024K)]
  0x000001e67d2b6e20 WorkerThread "GC Thread#5"                     [id=384, stack(0x00000006b4800000,0x00000006b4900000) (1024K)]
  0x000001e67d2b71d0 WorkerThread "GC Thread#6"                     [id=25724, stack(0x00000006b4900000,0x00000006b4a00000) (1024K)]
  0x000001e67dafc420 WorkerThread "GC Thread#7"                     [id=31264, stack(0x00000006b4c00000,0x00000006b4d00000) (1024K)]
Total: 10

Threads with active compile tasks:
Total: 0

VM state: not at safepoint (normal execution)

VM Mutex/Monitor currently owned by a thread: None

Heap address: 0x0000000080000000, size: 2048 MB, Compressed Oops mode: 32-bit

CDS archive(s) mapped at: [0x000001e600000000-0x000001e600ba0000-0x000001e600ba0000), size 12189696, SharedBaseAddress: 0x000001e600000000, ArchiveRelocationMode: 1.
Compressed class space mapped at: 0x000001e601000000-0x000001e641000000, reserved size: 1073741824
Narrow klass base: 0x000001e600000000, Narrow klass shift: 0, Narrow klass range: 0x100000000

GC Precious Log:
 CardTable entry size: 512
 CPUs: 8 total, 8 available
 Memory: 15782M
 Large Page Support: Disabled
 NUMA Support: Disabled
 Compressed Oops: Enabled (32-bit)
 Alignments: Space 512K, Generation 512K, Heap 2M
 Heap Min Capacity: 100M
 Heap Initial Capacity: 100M
 Heap Max Capacity: 2G
 Pre-touch: Disabled
 Parallel Workers: 8

Heap:
 PSYoungGen      total 22528K, used 11507K [0x00000000d5580000, 0x00000000d6e00000, 0x0000000100000000)
  eden space 22016K, 49% used [0x00000000d5580000,0x00000000d603ed90,0x00000000d6b00000)
  from space 512K, 98% used [0x00000000d6d00000,0x00000000d6d7e1a8,0x00000000d6d80000)
  to   space 512K, 0% used [0x00000000d6d80000,0x00000000d6d80000,0x00000000d6e00000)
 ParOldGen       total 68608K, used 45920K [0x0000000080000000, 0x0000000084300000, 0x00000000d5580000)
  object space 68608K, 66% used [0x0000000080000000,0x0000000082cd81c8,0x0000000084300000)
 Metaspace       used 70740K, committed 72320K, reserved 1114112K
  class space    used 8880K, committed 9600K, reserved 1048576K

Card table byte_map: [0x000001e660080000,0x000001e660490000] _byte_map_base: 0x000001e65fc80000

Marking Bits: (ParMarkBitMap*) 0x00007fff00bb3450
 Begin Bits: [0x000001e672b90000, 0x000001e674b90000)
 End Bits:   [0x000001e674b90000, 0x000001e676b90000)

Polling page: 0x000001e65e450000

Metaspace:

Usage:
  Non-class:     60.41 MB used.
      Class:      8.67 MB used.
       Both:     69.08 MB used.

Virtual space:
  Non-class space:       64.00 MB reserved,      61.25 MB ( 96%) committed,  1 nodes.
      Class space:        1.00 GB reserved,       9.38 MB ( <1%) committed,  1 nodes.
             Both:        1.06 GB reserved,      70.62 MB (  6%) committed. 

Chunk freelists:
   Non-Class:  2.41 MB
       Class:  6.68 MB
        Both:  9.09 MB

MaxMetaspaceSize: unlimited
CompressedClassSpaceSize: 1.00 GB
Initial GC threshold: 21.00 MB
Current GC threshold: 97.31 MB
CDS: on
 - commit_granule_bytes: 65536.
 - commit_granule_words: 8192.
 - virtual_space_node_default_size: 8388608.
 - enlarge_chunks_in_place: 1.
 - use_allocation_guard: 0.


Internal statistics:

num_allocs_failed_limit: 11.
num_arena_births: 1284.
num_arena_deaths: 24.
num_vsnodes_births: 2.
num_vsnodes_deaths: 0.
num_space_committed: 1130.
num_space_uncommitted: 0.
num_chunks_returned_to_freelist: 39.
num_chunks_taken_from_freelist: 4301.
num_chunk_merges: 17.
num_chunk_splits: 2717.
num_chunks_enlarged: 1650.
num_inconsistent_stats: 0.

CodeHeap 'non-profiled nmethods': size=120000Kb used=6427Kb max_used=6427Kb free=113572Kb
 bounds [0x000001e66b3b0000, 0x000001e66ba00000, 0x000001e6728e0000]
CodeHeap 'profiled nmethods': size=120000Kb used=16337Kb max_used=16337Kb free=103662Kb
 bounds [0x000001e6638e0000, 0x000001e6648e0000, 0x000001e66ae10000]
CodeHeap 'non-nmethods': size=5760Kb used=1428Kb max_used=1529Kb free=4331Kb
 bounds [0x000001e66ae10000, 0x000001e66b080000, 0x000001e66b3b0000]
CodeCache: size=245760Kb, used=24192Kb, max_used=24293Kb, free=221565Kb
 total_blobs=8807, nmethods=8071, adapters=642, full_count=0
Compilation: enabled, stopped_count=0, restarted_count=0

Compilation events (20 events):
Event: 7384.274 Thread 0x000001e6789789e0 8854   !   3       org.eclipse.osgi.container.ModuleDatabase::getTimestamp (25 bytes)
Event: 7384.303 Thread 0x000001e6789789e0 nmethod 8854 0x000001e6648d0510 code [0x000001e6648d0760, 0x000001e6648d10a8]
Event: 7504.308 Thread 0x000001e6789789e0 8855       3       org.eclipse.osgi.storage.Storage::isReadOnly (10 bytes)
Event: 7504.314 Thread 0x000001e6789789e0 nmethod 8855 0x000001e6648d1510 code [0x000001e6648d16c0, 0x000001e6648d1840]
Event: 7684.353 Thread 0x000001e6789789e0 8856   !   3       org.eclipse.osgi.internal.framework.StorageSaver$StorageSaverTask::run (31 bytes)
Event: 7684.385 Thread 0x000001e6789789e0 nmethod 8856 0x000001e6648d1910 code [0x000001e6648d1ae0, 0x000001e6648d1d80]
Event: 7684.385 Thread 0x000001e6789789e0 8857   !   3       org.eclipse.osgi.storage.Storage::save (62 bytes)
Event: 7684.389 Thread 0x000001e6789789e0 nmethod 8857 0x000001e6648d1f10 code [0x000001e6648d2100, 0x000001e6648d2470]
Event: 7825.258 Thread 0x000001e6789789e0 8858       3       java.util.logging.Logger::getLogger (8 bytes)
Event: 7825.259 Thread 0x000001e6789789e0 nmethod 8858 0x000001e6648d2610 code [0x000001e6648d27e0, 0x000001e6648d29a0]
Event: 7825.259 Thread 0x000001e6789789e0 8859       3       java.util.logging.Logger::getLogger (7 bytes)
Event: 7825.259 Thread 0x000001e6789789e0 nmethod 8859 0x000001e6648d2a90 code [0x000001e6648d2c40, 0x000001e6648d2d68]
Event: 7825.260 Thread 0x000001e6789789e0 8860       3       java.util.logging.Logger::demandLogger (36 bytes)
Event: 7825.267 Thread 0x000001e6789789e0 nmethod 8860 0x000001e6648d2e10 code [0x000001e6648d30a0, 0x000001e6648d3b50]
Event: 8073.254 Thread 0x000001e660665230 8861       4       java.util.concurrent.ThreadPoolExecutor::runStateAtLeast (11 bytes)
Event: 8073.256 Thread 0x000001e660665230 nmethod 8861 0x000001e66b9f6710 code [0x000001e66b9f6880, 0x000001e66b9f68f8]
Event: 8405.214 Thread 0x000001e6789789e0 8862       3       java.util.UUID::<init> (109 bytes)
Event: 8405.216 Thread 0x000001e6789789e0 nmethod 8862 0x000001e6648d3f90 code [0x000001e6648d4160, 0x000001e6648d44b0]
Event: 9034.677 Thread 0x000001e660665230 8863       4       java.util.concurrent.locks.LockSupport::setBlocker (12 bytes)
Event: 9034.681 Thread 0x000001e660665230 nmethod 8863 0x000001e66b9f6a10 code [0x000001e66b9f6b80, 0x000001e66b9f6c08]

GC Heap History (20 events):
Event: 27.709 GC heap before
{Heap before GC invocations=41 (full 3):
 PSYoungGen      total 22528K, used 22506K [0x00000000d5580000, 0x00000000d6e80000, 0x0000000100000000)
  eden space 22016K, 100% used [0x00000000d5580000,0x00000000d6b00000,0x00000000d6b00000)
  from space 512K, 95% used [0x00000000d6d80000,0x00000000d6dfaa70,0x00000000d6e00000)
  to   space 512K, 0% used [0x00000000d6e00000,0x00000000d6e00000,0x00000000d6e80000)
 ParOldGen       total 68608K, used 43660K [0x0000000080000000, 0x0000000084300000, 0x00000000d5580000)
  object space 68608K, 63% used [0x0000000080000000,0x0000000082aa3220,0x0000000084300000)
 Metaspace       used 65516K, committed 66816K, reserved 1114112K
  class space    used 8252K, committed 8832K, reserved 1048576K
}
Event: 27.709 GC heap after
{Heap after GC invocations=41 (full 3):
 PSYoungGen      total 22528K, used 502K [0x00000000d5580000, 0x00000000d6e80000, 0x0000000100000000)
  eden space 22016K, 0% used [0x00000000d5580000,0x00000000d5580000,0x00000000d6b00000)
  from space 512K, 98% used [0x00000000d6e00000,0x00000000d6e7db70,0x00000000d6e80000)
  to   space 1024K, 0% used [0x00000000d6c80000,0x00000000d6c80000,0x00000000d6d80000)
 ParOldGen       total 68608K, used 43879K [0x0000000080000000, 0x0000000084300000, 0x00000000d5580000)
  object space 68608K, 63% used [0x0000000080000000,0x0000000082ad9ed0,0x0000000084300000)
 Metaspace       used 65516K, committed 66816K, reserved 1114112K
  class space    used 8252K, committed 8832K, reserved 1048576K
}
Event: 28.029 GC heap before
{Heap before GC invocations=42 (full 3):
 PSYoungGen      total 22528K, used 22518K [0x00000000d5580000, 0x00000000d6e80000, 0x0000000100000000)
  eden space 22016K, 100% used [0x00000000d5580000,0x00000000d6b00000,0x00000000d6b00000)
  from space 512K, 98% used [0x00000000d6e00000,0x00000000d6e7db70,0x00000000d6e80000)
  to   space 1024K, 0% used [0x00000000d6c80000,0x00000000d6c80000,0x00000000d6d80000)
 ParOldGen       total 68608K, used 43879K [0x0000000080000000, 0x0000000084300000, 0x00000000d5580000)
  object space 68608K, 63% used [0x0000000080000000,0x0000000082ad9ed0,0x0000000084300000)
 Metaspace       used 65520K, committed 66816K, reserved 1114112K
  class space    used 8252K, committed 8832K, reserved 1048576K
}
Event: 28.034 GC heap after
{Heap after GC invocations=42 (full 3):
 PSYoungGen      total 23040K, used 1000K [0x00000000d5580000, 0x00000000d6e80000, 0x0000000100000000)
  eden space 22016K, 0% used [0x00000000d5580000,0x00000000d5580000,0x00000000d6b00000)
  from space 1024K, 97% used [0x00000000d6c80000,0x00000000d6d7a258,0x00000000d6d80000)
  to   space 1024K, 0% used [0x00000000d6d80000,0x00000000d6d80000,0x00000000d6e80000)
 ParOldGen       total 68608K, used 43919K [0x0000000080000000, 0x0000000084300000, 0x00000000d5580000)
  object space 68608K, 64% used [0x0000000080000000,0x0000000082ae3ed0,0x0000000084300000)
 Metaspace       used 65520K, committed 66816K, reserved 1114112K
  class space    used 8252K, committed 8832K, reserved 1048576K
}
Event: 28.350 GC heap before
{Heap before GC invocations=43 (full 3):
 PSYoungGen      total 23040K, used 23016K [0x00000000d5580000, 0x00000000d6e80000, 0x0000000100000000)
  eden space 22016K, 100% used [0x00000000d5580000,0x00000000d6b00000,0x00000000d6b00000)
  from space 1024K, 97% used [0x00000000d6c80000,0x00000000d6d7a258,0x00000000d6d80000)
  to   space 1024K, 0% used [0x00000000d6d80000,0x00000000d6d80000,0x00000000d6e80000)
 ParOldGen       total 68608K, used 43919K [0x0000000080000000, 0x0000000084300000, 0x00000000d5580000)
  object space 68608K, 64% used [0x0000000080000000,0x0000000082ae3ed0,0x0000000084300000)
 Metaspace       used 65520K, committed 66816K, reserved 1114112K
  class space    used 8252K, committed 8832K, reserved 1048576K
}
Event: 28.351 GC heap after
{Heap after GC invocations=43 (full 3):
 PSYoungGen      total 23040K, used 1006K [0x00000000d5580000, 0x00000000d6e80000, 0x0000000100000000)
  eden space 22016K, 0% used [0x00000000d5580000,0x00000000d5580000,0x00000000d6b00000)
  from space 1024K, 98% used [0x00000000d6d80000,0x00000000d6e7b990,0x00000000d6e80000)
  to   space 1024K, 0% used [0x00000000d6c80000,0x00000000d6c80000,0x00000000d6d80000)
 ParOldGen       total 68608K, used 43983K [0x0000000080000000, 0x0000000084300000, 0x00000000d5580000)
  object space 68608K, 64% used [0x0000000080000000,0x0000000082af3ed0,0x0000000084300000)
 Metaspace       used 65520K, committed 66816K, reserved 1114112K
  class space    used 8252K, committed 8832K, reserved 1048576K
}
Event: 29.828 GC heap before
{Heap before GC invocations=44 (full 3):
 PSYoungGen      total 23040K, used 23022K [0x00000000d5580000, 0x00000000d6e80000, 0x0000000100000000)
  eden space 22016K, 100% used [0x00000000d5580000,0x00000000d6b00000,0x00000000d6b00000)
  from space 1024K, 98% used [0x00000000d6d80000,0x00000000d6e7b990,0x00000000d6e80000)
  to   space 1024K, 0% used [0x00000000d6c80000,0x00000000d6c80000,0x00000000d6d80000)
 ParOldGen       total 68608K, used 43983K [0x0000000080000000, 0x0000000084300000, 0x00000000d5580000)
  object space 68608K, 64% used [0x0000000080000000,0x0000000082af3ed0,0x0000000084300000)
 Metaspace       used 67142K, committed 68416K, reserved 1114112K
  class space    used 8466K, committed 9024K, reserved 1048576K
}
Event: 29.831 GC heap after
{Heap after GC invocations=44 (full 3):
 PSYoungGen      total 23040K, used 544K [0x00000000d5580000, 0x00000000d6e00000, 0x0000000100000000)
  eden space 22016K, 0% used [0x00000000d5580000,0x00000000d5580000,0x00000000d6b00000)
  from space 1024K, 53% used [0x00000000d6c80000,0x00000000d6d08010,0x00000000d6d80000)
  to   space 512K, 0% used [0x00000000d6d80000,0x00000000d6d80000,0x00000000d6e00000)
 ParOldGen       total 68608K, used 43999K [0x0000000080000000, 0x0000000084300000, 0x00000000d5580000)
  object space 68608K, 64% used [0x0000000080000000,0x0000000082af7ed0,0x0000000084300000)
 Metaspace       used 67142K, committed 68416K, reserved 1114112K
  class space    used 8466K, committed 9024K, reserved 1048576K
}
Event: 58.902 GC heap before
{Heap before GC invocations=45 (full 3):
 PSYoungGen      total 23040K, used 22560K [0x00000000d5580000, 0x00000000d6e00000, 0x0000000100000000)
  eden space 22016K, 100% used [0x00000000d5580000,0x00000000d6b00000,0x00000000d6b00000)
  from space 1024K, 53% used [0x00000000d6c80000,0x00000000d6d08010,0x00000000d6d80000)
  to   space 512K, 0% used [0x00000000d6d80000,0x00000000d6d80000,0x00000000d6e00000)
 ParOldGen       total 68608K, used 43999K [0x0000000080000000, 0x0000000084300000, 0x00000000d5580000)
  object space 68608K, 64% used [0x0000000080000000,0x0000000082af7ed0,0x0000000084300000)
 Metaspace       used 68210K, committed 69568K, reserved 1114112K
  class space    used 8565K, committed 9216K, reserved 1048576K
}
Event: 58.904 GC heap after
{Heap after GC invocations=45 (full 3):
 PSYoungGen      total 22528K, used 496K [0x00000000d5580000, 0x00000000d6e00000, 0x0000000100000000)
  eden space 22016K, 0% used [0x00000000d5580000,0x00000000d5580000,0x00000000d6b00000)
  from space 512K, 96% used [0x00000000d6d80000,0x00000000d6dfc010,0x00000000d6e00000)
  to   space 1024K, 0% used [0x00000000d6c00000,0x00000000d6c00000,0x00000000d6d00000)
 ParOldGen       total 68608K, used 44391K [0x0000000080000000, 0x0000000084300000, 0x00000000d5580000)
  object space 68608K, 64% used [0x0000000080000000,0x0000000082b59ee0,0x0000000084300000)
 Metaspace       used 68210K, committed 69568K, reserved 1114112K
  class space    used 8565K, committed 9216K, reserved 1048576K
}
Event: 60.454 GC heap before
{Heap before GC invocations=46 (full 3):
 PSYoungGen      total 22528K, used 22512K [0x00000000d5580000, 0x00000000d6e00000, 0x0000000100000000)
  eden space 22016K, 100% used [0x00000000d5580000,0x00000000d6b00000,0x00000000d6b00000)
  from space 512K, 96% used [0x00000000d6d80000,0x00000000d6dfc010,0x00000000d6e00000)
  to   space 1024K, 0% used [0x00000000d6c00000,0x00000000d6c00000,0x00000000d6d00000)
 ParOldGen       total 68608K, used 44391K [0x0000000080000000, 0x0000000084300000, 0x00000000d5580000)
  object space 68608K, 64% used [0x0000000080000000,0x0000000082b59ee0,0x0000000084300000)
 Metaspace       used 68210K, committed 69568K, reserved 1114112K
  class space    used 8565K, committed 9216K, reserved 1048576K
}
Event: 60.456 GC heap after
{Heap after GC invocations=46 (full 3):
 PSYoungGen      total 23040K, used 160K [0x00000000d5580000, 0x00000000d6e00000, 0x0000000100000000)
  eden space 22016K, 0% used [0x00000000d5580000,0x00000000d5580000,0x00000000d6b00000)
  from space 1024K, 15% used [0x00000000d6c00000,0x00000000d6c28000,0x00000000d6d00000)
  to   space 512K, 0% used [0x00000000d6d80000,0x00000000d6d80000,0x00000000d6e00000)
 ParOldGen       total 68608K, used 44859K [0x0000000080000000, 0x0000000084300000, 0x00000000d5580000)
  object space 68608K, 65% used [0x0000000080000000,0x0000000082bcef10,0x0000000084300000)
 Metaspace       used 68210K, committed 69568K, reserved 1114112K
  class space    used 8565K, committed 9216K, reserved 1048576K
}
Event: 70.569 GC heap before
{Heap before GC invocations=47 (full 3):
 PSYoungGen      total 23040K, used 22176K [0x00000000d5580000, 0x00000000d6e00000, 0x0000000100000000)
  eden space 22016K, 100% used [0x00000000d5580000,0x00000000d6b00000,0x00000000d6b00000)
  from space 1024K, 15% used [0x00000000d6c00000,0x00000000d6c28000,0x00000000d6d00000)
  to   space 512K, 0% used [0x00000000d6d80000,0x00000000d6d80000,0x00000000d6e00000)
 ParOldGen       total 68608K, used 44859K [0x0000000080000000, 0x0000000084300000, 0x00000000d5580000)
  object space 68608K, 65% used [0x0000000080000000,0x0000000082bcef10,0x0000000084300000)
 Metaspace       used 68341K, committed 69760K, reserved 1114112K
  class space    used 8584K, committed 9216K, reserved 1048576K
}
Event: 70.571 GC heap after
{Heap after GC invocations=47 (full 3):
 PSYoungGen      total 22528K, used 352K [0x00000000d5580000, 0x00000000d6e00000, 0x0000000100000000)
  eden space 22016K, 0% used [0x00000000d5580000,0x00000000d5580000,0x00000000d6b00000)
  from space 512K, 68% used [0x00000000d6d80000,0x00000000d6dd8010,0x00000000d6e00000)
  to   space 512K, 0% used [0x00000000d6d00000,0x00000000d6d00000,0x00000000d6d80000)
 ParOldGen       total 68608K, used 44883K [0x0000000080000000, 0x0000000084300000, 0x00000000d5580000)
  object space 68608K, 65% used [0x0000000080000000,0x0000000082bd4f10,0x0000000084300000)
 Metaspace       used 68341K, committed 69760K, reserved 1114112K
  class space    used 8584K, committed 9216K, reserved 1048576K
}
Event: 71.903 GC heap before
{Heap before GC invocations=48 (full 3):
 PSYoungGen      total 22528K, used 22368K [0x00000000d5580000, 0x00000000d6e00000, 0x0000000100000000)
  eden space 22016K, 100% used [0x00000000d5580000,0x00000000d6b00000,0x00000000d6b00000)
  from space 512K, 68% used [0x00000000d6d80000,0x00000000d6dd8010,0x00000000d6e00000)
  to   space 512K, 0% used [0x00000000d6d00000,0x00000000d6d00000,0x00000000d6d80000)
 ParOldGen       total 68608K, used 44883K [0x0000000080000000, 0x0000000084300000, 0x00000000d5580000)
  object space 68608K, 65% used [0x0000000080000000,0x0000000082bd4f10,0x0000000084300000)
 Metaspace       used 68754K, committed 70144K, reserved 1114112K
  class space    used 8651K, committed 9280K, reserved 1048576K
}
Event: 71.905 GC heap after
{Heap after GC invocations=48 (full 3):
 PSYoungGen      total 22528K, used 484K [0x00000000d5580000, 0x00000000d6e00000, 0x0000000100000000)
  eden space 22016K, 0% used [0x00000000d5580000,0x00000000d5580000,0x00000000d6b00000)
  from space 512K, 94% used [0x00000000d6d00000,0x00000000d6d793f8,0x00000000d6d80000)
  to   space 512K, 0% used [0x00000000d6d80000,0x00000000d6d80000,0x00000000d6e00000)
 ParOldGen       total 68608K, used 45283K [0x0000000080000000, 0x0000000084300000, 0x00000000d5580000)
  object space 68608K, 66% used [0x0000000080000000,0x0000000082c38f20,0x0000000084300000)
 Metaspace       used 68754K, committed 70144K, reserved 1114112K
  class space    used 8651K, committed 9280K, reserved 1048576K
}
Event: 72.532 GC heap before
{Heap before GC invocations=49 (full 3):
 PSYoungGen      total 22528K, used 22500K [0x00000000d5580000, 0x00000000d6e00000, 0x0000000100000000)
  eden space 22016K, 100% used [0x00000000d5580000,0x00000000d6b00000,0x00000000d6b00000)
  from space 512K, 94% used [0x00000000d6d00000,0x00000000d6d793f8,0x00000000d6d80000)
  to   space 512K, 0% used [0x00000000d6d80000,0x00000000d6d80000,0x00000000d6e00000)
 ParOldGen       total 68608K, used 45283K [0x0000000080000000, 0x0000000084300000, 0x00000000d5580000)
  object space 68608K, 66% used [0x0000000080000000,0x0000000082c38f20,0x0000000084300000)
 Metaspace       used 68757K, committed 70144K, reserved 1114112K
  class space    used 8652K, committed 9280K, reserved 1048576K
}
Event: 72.533 GC heap after
{Heap after GC invocations=49 (full 3):
 PSYoungGen      total 22528K, used 128K [0x00000000d5580000, 0x00000000d6e00000, 0x0000000100000000)
  eden space 22016K, 0% used [0x00000000d5580000,0x00000000d5580000,0x00000000d6b00000)
  from space 512K, 25% used [0x00000000d6d80000,0x00000000d6da0000,0x00000000d6e00000)
  to   space 512K, 0% used [0x00000000d6d00000,0x00000000d6d00000,0x00000000d6d80000)
 ParOldGen       total 68608K, used 45788K [0x0000000080000000, 0x0000000084300000, 0x00000000d5580000)
  object space 68608K, 66% used [0x0000000080000000,0x0000000082cb7338,0x0000000084300000)
 Metaspace       used 68757K, committed 70144K, reserved 1114112K
  class space    used 8652K, committed 9280K, reserved 1048576K
}
Event: 94.456 GC heap before
{Heap before GC invocations=50 (full 3):
 PSYoungGen      total 22528K, used 22137K [0x00000000d5580000, 0x00000000d6e00000, 0x0000000100000000)
  eden space 22016K, 99% used [0x00000000d5580000,0x00000000d6afe5f0,0x00000000d6b00000)
  from space 512K, 25% used [0x00000000d6d80000,0x00000000d6da0000,0x00000000d6e00000)
  to   space 512K, 0% used [0x00000000d6d00000,0x00000000d6d00000,0x00000000d6d80000)
 ParOldGen       total 68608K, used 45808K [0x0000000080000000, 0x0000000084300000, 0x00000000d5580000)
  object space 68608K, 66% used [0x0000000080000000,0x0000000082cbc1c8,0x0000000084300000)
 Metaspace       used 69526K, committed 70848K, reserved 1114112K
  class space    used 8727K, committed 9344K, reserved 1048576K
}
Event: 94.458 GC heap after
{Heap after GC invocations=50 (full 3):
 PSYoungGen      total 22528K, used 504K [0x00000000d5580000, 0x00000000d6e00000, 0x0000000100000000)
  eden space 22016K, 0% used [0x00000000d5580000,0x00000000d5580000,0x00000000d6b00000)
  from space 512K, 98% used [0x00000000d6d00000,0x00000000d6d7e1a8,0x00000000d6d80000)
  to   space 512K, 0% used [0x00000000d6d80000,0x00000000d6d80000,0x00000000d6e00000)
 ParOldGen       total 68608K, used 45920K [0x0000000080000000, 0x0000000084300000, 0x00000000d5580000)
  object space 68608K, 66% used [0x0000000080000000,0x0000000082cd81c8,0x0000000084300000)
 Metaspace       used 69526K, committed 70848K, reserved 1114112K
  class space    used 8727K, committed 9344K, reserved 1048576K
}

Dll operation events (15 events):
Event: 0.023 Loaded shared library c:\Users\didieraitondji\.vscode\extensions\redhat.java-1.53.0-win32-x64\jre\21.0.10-win32-x86_64\bin\java.dll
Event: 0.138 Loaded shared library c:\Users\didieraitondji\.vscode\extensions\redhat.java-1.53.0-win32-x64\jre\21.0.10-win32-x86_64\bin\zip.dll
Event: 0.235 Loaded shared library C:\Users\didieraitondji\.vscode\extensions\redhat.java-1.53.0-win32-x64\jre\21.0.10-win32-x86_64\bin\instrument.dll
Event: 0.278 Loaded shared library C:\Users\didieraitondji\.vscode\extensions\redhat.java-1.53.0-win32-x64\jre\21.0.10-win32-x86_64\bin\net.dll
Event: 0.282 Loaded shared library C:\Users\didieraitondji\.vscode\extensions\redhat.java-1.53.0-win32-x64\jre\21.0.10-win32-x86_64\bin\nio.dll
Event: 0.287 Loaded shared library C:\Users\didieraitondji\.vscode\extensions\redhat.java-1.53.0-win32-x64\jre\21.0.10-win32-x86_64\bin\zip.dll
Event: 0.405 Loaded shared library C:\Users\didieraitondji\.vscode\extensions\redhat.java-1.53.0-win32-x64\jre\21.0.10-win32-x86_64\bin\jimage.dll
Event: 0.641 Loaded shared library c:\Users\didieraitondji\.vscode\extensions\redhat.java-1.53.0-win32-x64\jre\21.0.10-win32-x86_64\bin\verify.dll
Event: 2.556 Loaded shared library C:\Users\didieraitondji\AppData\Roaming\Code\User\globalStorage\redhat.java\1.53.0\config_win\org.eclipse.equinox.launcher\org.eclipse.equinox.launcher.win32.win32.x86_64_1.3.0.v20260203-2149\eclipse_11919.dll
Event: 4.786 Loaded shared library C:\Users\didieraitondji\.vscode\extensions\redhat.java-1.53.0-win32-x64\jre\21.0.10-win32-x86_64\bin\management.dll
Event: 4.791 Loaded shared library C:\Users\didieraitondji\.vscode\extensions\redhat.java-1.53.0-win32-x64\jre\21.0.10-win32-x86_64\bin\management_ext.dll
Event: 7.737 Loaded shared library C:\Users\didieraitondji\AppData\Local\Temp\jna-1678218127\jna9922141423177402294.dll
Event: 8.265 Loaded shared library C:\Users\didieraitondji\.vscode\extensions\redhat.java-1.53.0-win32-x64\jre\21.0.10-win32-x86_64\bin\sunmscapi.dll
Event: 8.998 Loaded shared library C:\Users\didieraitondji\.vscode\extensions\redhat.java-1.53.0-win32-x64\jre\21.0.10-win32-x86_64\bin\extnet.dll
Event: 19.683 Loaded shared library C:\Users\didieraitondji\.gradle\native\c067742578af261105cb4f569cf0c3c89f3d7b1fecec35dd04571415982c5e48\windows-amd64\native-platform.dll

Deoptimization events (20 events):
Event: 165.426 Thread 0x000001e6418f9d80 DEOPT PACKING pc=0x000001e66b8290e0 sp=0x00000006b68ff240
Event: 165.426 Thread 0x000001e6418f9d80 DEOPT UNPACKING pc=0x000001e66ae63aa2 sp=0x00000006b68ff190 mode 2
Event: 165.431 Thread 0x000001e6418f9d80 Uncommon trap: trap_request=0xffffff45 fr.pc=0x000001e66b7d4898 relative=0x00000000000002b8
Event: 165.431 Thread 0x000001e6418f9d80 Uncommon trap: reason=unstable_if action=reinterpret pc=0x000001e66b7d4898 method=java.net.URI.equal(Ljava/lang/String;Ljava/lang/String;)Z @ 10 c2
Event: 165.431 Thread 0x000001e6418f9d80 DEOPT PACKING pc=0x000001e66b7d4898 sp=0x00000006b68ff100
Event: 165.431 Thread 0x000001e6418f9d80 DEOPT UNPACKING pc=0x000001e66ae63aa2 sp=0x00000006b68ff0a0 mode 2
Event: 3965.876 Thread 0x000001e641620b60 DEOPT PACKING pc=0x000001e6648bb4ab sp=0x00000006b5cff4d0
Event: 3965.878 Thread 0x000001e641620b60 DEOPT UNPACKING pc=0x000001e66ae64242 sp=0x00000006b5cfe9b8 mode 0
Event: 4278.181 Thread 0x000001e6418faaa0 DEOPT PACKING pc=0x000001e6648bb4ab sp=0x00000006b57ff5d0
Event: 4278.182 Thread 0x000001e6418faaa0 DEOPT UNPACKING pc=0x000001e66ae64242 sp=0x00000006b57feab8 mode 0
Event: 4621.885 Thread 0x000001e641900d10 DEOPT PACKING pc=0x000001e6648bb4ab sp=0x00000006b6eff530
Event: 4621.886 Thread 0x000001e641900d10 DEOPT UNPACKING pc=0x000001e66ae64242 sp=0x00000006b6efea18 mode 0
Event: 5019.865 Thread 0x000001e6418fb7c0 DEOPT PACKING pc=0x000001e6648bb4ab sp=0x00000006b6aff210
Event: 5019.865 Thread 0x000001e6418fb7c0 DEOPT UNPACKING pc=0x000001e66ae64242 sp=0x00000006b6afe6f8 mode 0
Event: 5670.832 Thread 0x000001e6416204d0 DEOPT PACKING pc=0x000001e6648bb4ab sp=0x00000006b34ff090
Event: 5670.833 Thread 0x000001e6416204d0 DEOPT UNPACKING pc=0x000001e66ae64242 sp=0x00000006b34fe578 mode 0
Event: 6651.818 Thread 0x000001e6418fe5b0 DEOPT PACKING pc=0x000001e6648bb4ab sp=0x00000006b53ff3b0
Event: 6651.819 Thread 0x000001e6418fe5b0 DEOPT UNPACKING pc=0x000001e66ae64242 sp=0x00000006b53fe898 mode 0
Event: 8571.338 Thread 0x000001e6418fec40 DEOPT PACKING pc=0x000001e6648bb4ab sp=0x00000006b6cff1a0
Event: 8571.340 Thread 0x000001e6418fec40 DEOPT UNPACKING pc=0x000001e66ae64242 sp=0x00000006b6cfe688 mode 0

Classes loaded (20 events):
Event: 95.015 Loading class java/util/stream/ReduceOps$CountingSink done
Event: 95.015 Loading class java/util/stream/ReduceOps$CountingSink$OfRef done
Event: 95.018 Loading class java/util/stream/ReduceOps$1
Event: 95.018 Loading class java/util/stream/ReduceOps$1 done
Event: 95.018 Loading class java/util/stream/ReduceOps$1ReducingSink
Event: 95.019 Loading class java/util/stream/ReduceOps$1ReducingSink done
Event: 95.052 Loading class java/io/SequenceInputStream
Event: 95.052 Loading class java/io/SequenceInputStream done
Event: 95.075 Loading class java/util/regex/PatternSyntaxException
Event: 95.075 Loading class java/util/regex/PatternSyntaxException done
Event: 95.684 Loading class java/util/concurrent/CompletableFuture$UniApply
Event: 95.685 Loading class java/util/concurrent/CompletableFuture$UniApply done
Event: 95.685 Loading class java/util/concurrent/CompletableFuture$UniExceptionally
Event: 95.686 Loading class java/util/concurrent/CompletableFuture$UniExceptionally done
Event: 165.412 Loading class java/util/stream/DistinctOps
Event: 165.413 Loading class java/util/stream/DistinctOps done
Event: 165.413 Loading class java/util/stream/DistinctOps$1
Event: 165.413 Loading class java/util/stream/DistinctOps$1 done
Event: 165.417 Loading class java/util/stream/DistinctOps$1$2
Event: 165.417 Loading class java/util/stream/DistinctOps$1$2 done

Classes unloaded (12 events):
Event: 6.248 Thread 0x000001e660786790 Unloading class 0x000001e6011af400 'java/lang/invoke/LambdaForm$MH+0x000001e6011af400'
Event: 6.248 Thread 0x000001e660786790 Unloading class 0x000001e6011af000 'java/lang/invoke/LambdaForm$MH+0x000001e6011af000'
Event: 6.248 Thread 0x000001e660786790 Unloading class 0x000001e6011aec00 'java/lang/invoke/LambdaForm$MH+0x000001e6011aec00'
Event: 6.248 Thread 0x000001e660786790 Unloading class 0x000001e6011ae800 'java/lang/invoke/LambdaForm$MH+0x000001e6011ae800'
Event: 6.248 Thread 0x000001e660786790 Unloading class 0x000001e6011ae400 'java/lang/invoke/LambdaForm$BMH+0x000001e6011ae400'
Event: 6.248 Thread 0x000001e660786790 Unloading class 0x000001e6011ae000 'java/lang/invoke/LambdaForm$DMH+0x000001e6011ae000'
Event: 6.248 Thread 0x000001e660786790 Unloading class 0x000001e6011acc00 'java/lang/invoke/LambdaForm$DMH+0x000001e6011acc00'
Event: 8.391 Thread 0x000001e660786790 Unloading class 0x000001e6012f8400 'java/lang/invoke/LambdaForm$DMH+0x000001e6012f8400'
Event: 8.391 Thread 0x000001e660786790 Unloading class 0x000001e6012f6800 'java/lang/invoke/LambdaForm$MH+0x000001e6012f6800'
Event: 8.391 Thread 0x000001e660786790 Unloading class 0x000001e6012eb000 'java/lang/invoke/LambdaForm$MH+0x000001e6012eb000'
Event: 8.391 Thread 0x000001e660786790 Unloading class 0x000001e6012ea800 'java/lang/invoke/LambdaForm$MH+0x000001e6012ea800'
Event: 8.391 Thread 0x000001e660786790 Unloading class 0x000001e6012ea000 'java/lang/invoke/LambdaForm$MH+0x000001e6012ea000'

Classes redefined (0 events):
No events

Internal exceptions (20 events):
Event: 94.344 Thread 0x000001e6416211f0 Exception <a 'java/lang/NoSuchMethodError'{0x00000000d65f1218}: static Lorg/gradle/api/GradleScriptException;.<clinit>()V> (0x00000000d65f1218) 
thrown [s\src\hotspot\share\prims\jni.cpp, line 1111]
Event: 94.357 Thread 0x000001e6416211f0 Exception <a 'java/lang/NoSuchMethodError'{0x00000000d667b100}: static Lorg/gradle/internal/exceptions/ContextAwareException;.<clinit>()V> (0x00000000d667b100) 
thrown [s\src\hotspot\share\prims\jni.cpp, line 1111]
Event: 94.357 Thread 0x000001e6416211f0 Exception <a 'java/lang/NoSuchMethodError'{0x00000000d667d4d0}: static Lorg/gradle/internal/exceptions/LocationAwareException;.<clinit>()V> (0x00000000d667d4d0) 
thrown [s\src\hotspot\share\prims\jni.cpp, line 1111]
Event: 94.445 Thread 0x000001e6418fdf20 Implicit null exception at 0x000001e66b745180 to 0x000001e66b7455c8
Event: 94.446 Thread 0x000001e6418fdf20 Exception <a 'sun/nio/fs/WindowsException'{0x00000000d6a58f00}> (0x00000000d6a58f00) 
thrown [s\src\hotspot\share\prims\jni.cpp, line 520]
Event: 94.446 Thread 0x000001e6418fdf20 Exception <a 'sun/nio/fs/WindowsException'{0x00000000d6a5eb18}> (0x00000000d6a5eb18) 
thrown [s\src\hotspot\share\prims\jni.cpp, line 520]
Event: 94.447 Thread 0x000001e6418fdf20 Exception <a 'sun/nio/fs/WindowsException'{0x00000000d6a678c8}> (0x00000000d6a678c8) 
thrown [s\src\hotspot\share\prims\jni.cpp, line 520]
Event: 94.447 Thread 0x000001e6418fdf20 Exception <a 'sun/nio/fs/WindowsException'{0x00000000d6a68168}> (0x00000000d6a68168) 
thrown [s\src\hotspot\share\prims\jni.cpp, line 520]
Event: 94.448 Thread 0x000001e6418fdf20 Exception <a 'sun/nio/fs/WindowsException'{0x00000000d6a68fe0}> (0x00000000d6a68fe0) 
thrown [s\src\hotspot\share\prims\jni.cpp, line 520]
Event: 94.448 Thread 0x000001e6418fdf20 Exception <a 'sun/nio/fs/WindowsException'{0x00000000d6a69610}> (0x00000000d6a69610) 
thrown [s\src\hotspot\share\prims\jni.cpp, line 520]
Event: 94.448 Thread 0x000001e6418fdf20 Exception <a 'sun/nio/fs/WindowsException'{0x00000000d6a6f998}> (0x00000000d6a6f998) 
thrown [s\src\hotspot\share\prims\jni.cpp, line 520]
Event: 94.448 Thread 0x000001e6418fdf20 Exception <a 'sun/nio/fs/WindowsException'{0x00000000d6a6ffc8}> (0x00000000d6a6ffc8) 
thrown [s\src\hotspot\share\prims\jni.cpp, line 520]
Event: 94.450 Thread 0x000001e6418fdf20 Exception <a 'java/lang/IncompatibleClassChangeError'{0x00000000d6aa8fe0}: Found class java.lang.Object, but interface was expected> (0x00000000d6aa8fe0) 
thrown [s\src\hotspot\share\interpreter\linkResolver.cpp, line 840]
Event: 94.477 Thread 0x000001e6413b5b20 Exception <a 'java/lang/NoSuchMethodError'{0x00000000d56a8610}: 'java.lang.Object java.lang.invoke.DirectMethodHandle$Holder.newInvokeSpecial(java.lang.Object, java.lang.Object, java.lang.Object, java.lang.Object, java.lang.Object, java.lang.Object, java.lang.Object, java.lang.Object)'> (0x00000000d56a8610) 
thrown [s\src\hotspot\share\interpreter\linkResolver.cpp, line 773]
Event: 94.488 Thread 0x000001e6413b5b20 Exception <a 'sun/nio/fs/WindowsException'{0x00000000d5725e00}> (0x00000000d5725e00) 
thrown [s\src\hotspot\share\prims\jni.cpp, line 520]
Event: 94.488 Thread 0x000001e6413b5b20 Exception <a 'sun/nio/fs/WindowsException'{0x00000000d5727328}> (0x00000000d5727328) 
thrown [s\src\hotspot\share\prims\jni.cpp, line 520]
Event: 95.028 Thread 0x000001e67d96e8d0 Exception <a 'java/lang/NoSuchMethodError'{0x00000000d59a82e8}: 'java.lang.Object java.lang.invoke.DirectMethodHandle$Holder.invokeStatic(java.lang.Object, java.lang.Object, int, java.lang.Object)'> (0x00000000d59a82e8) 
thrown [s\src\hotspot\share\interpreter\linkResolver.cpp, line 773]
Event: 95.083 Thread 0x000001e67d96e8d0 Exception <a 'java/io/FileNotFoundException'{0x00000000d5c592b8}> (0x00000000d5c592b8) 
thrown [s\src\hotspot\share\prims\jni.cpp, line 520]
Event: 95.084 Thread 0x000001e67d96e8d0 Exception <a 'java/io/FileNotFoundException'{0x00000000d5c5a488}> (0x00000000d5c5a488) 
thrown [s\src\hotspot\share\prims\jni.cpp, line 520]
Event: 95.683 Thread 0x000001e6418fdf20 Exception <a 'java/lang/IncompatibleClassChangeError'{0x00000000d5cae8b0}: Found class java.lang.Object, but interface was expected> (0x00000000d5cae8b0) 
thrown [s\src\hotspot\share\interpreter\linkResolver.cpp, line 840]

ZGC Phase Switch (0 events):
No events

VM Operations (20 events):
Event: 8899.837 Executing non-safepoint VM operation: HandshakeAllThreads (HandshakeForDeflation)
Event: 8899.837 Executing non-safepoint VM operation: HandshakeAllThreads (HandshakeForDeflation) done
Event: 8899.837 Executing non-safepoint VM operation: RendezvousGCThreads
Event: 8899.837 Executing non-safepoint VM operation: RendezvousGCThreads done
Event: 8960.088 Executing non-safepoint VM operation: HandshakeAllThreads (HandshakeForDeflation)
Event: 8960.088 Executing non-safepoint VM operation: HandshakeAllThreads (HandshakeForDeflation) done
Event: 8960.088 Executing non-safepoint VM operation: RendezvousGCThreads
Event: 8960.088 Executing non-safepoint VM operation: RendezvousGCThreads done
Event: 9020.283 Executing non-safepoint VM operation: HandshakeAllThreads (HandshakeForDeflation)
Event: 9020.283 Executing non-safepoint VM operation: HandshakeAllThreads (HandshakeForDeflation) done
Event: 9020.283 Executing non-safepoint VM operation: RendezvousGCThreads
Event: 9020.283 Executing non-safepoint VM operation: RendezvousGCThreads done
Event: 9140.600 Executing non-safepoint VM operation: HandshakeAllThreads (HandshakeForDeflation)
Event: 9140.601 Executing non-safepoint VM operation: HandshakeAllThreads (HandshakeForDeflation) done
Event: 9140.601 Executing non-safepoint VM operation: RendezvousGCThreads
Event: 9140.601 Executing non-safepoint VM operation: RendezvousGCThreads done
Event: 9200.694 Executing non-safepoint VM operation: HandshakeAllThreads (HandshakeForDeflation)
Event: 9200.694 Executing non-safepoint VM operation: HandshakeAllThreads (HandshakeForDeflation) done
Event: 9200.694 Executing non-safepoint VM operation: RendezvousGCThreads
Event: 9200.694 Executing non-safepoint VM operation: RendezvousGCThreads done

Memory protections (0 events):
No events

Nmethod flushes (20 events):
Event: 22.902 Thread 0x000001e660786790 flushing  nmethod 0x000001e664188110
Event: 22.902 Thread 0x000001e660786790 flushing  nmethod 0x000001e66418e610
Event: 22.902 Thread 0x000001e660786790 flushing  nmethod 0x000001e6641a3310
Event: 22.902 Thread 0x000001e660786790 flushing  nmethod 0x000001e6641b0690
Event: 22.902 Thread 0x000001e660786790 flushing  nmethod 0x000001e6641b1d10
Event: 22.902 Thread 0x000001e660786790 flushing  nmethod 0x000001e6641bf610
Event: 22.902 Thread 0x000001e660786790 flushing  nmethod 0x000001e6641c2090
Event: 22.902 Thread 0x000001e660786790 flushing  nmethod 0x000001e6641c2490
Event: 22.902 Thread 0x000001e660786790 flushing  nmethod 0x000001e6641c3690
Event: 22.902 Thread 0x000001e660786790 flushing  nmethod 0x000001e6641c3c90
Event: 22.902 Thread 0x000001e660786790 flushing  nmethod 0x000001e6641c4510
Event: 22.902 Thread 0x000001e660786790 flushing  nmethod 0x000001e6641c8390
Event: 22.902 Thread 0x000001e660786790 flushing  nmethod 0x000001e6641cc710
Event: 22.902 Thread 0x000001e660786790 flushing  nmethod 0x000001e6641e7f10
Event: 22.902 Thread 0x000001e660786790 flushing  nmethod 0x000001e6641f9e10
Event: 22.902 Thread 0x000001e660786790 flushing  nmethod 0x000001e6641fd610
Event: 22.902 Thread 0x000001e660786790 flushing  nmethod 0x000001e664224510
Event: 22.902 Thread 0x000001e660786790 flushing  nmethod 0x000001e664239c10
Event: 22.902 Thread 0x000001e660786790 flushing  nmethod 0x000001e664243a90
Event: 22.902 Thread 0x000001e660786790 flushing  nmethod 0x000001e664253c10

Events (20 events):
Event: 73.363 Thread 0x000001e64161e400 Thread exited: 0x000001e64161e400
Event: 73.733 Thread 0x000001e6442d4010 Thread exited: 0x000001e6442d4010
Event: 76.404 Thread 0x000001e67f798190 Thread exited: 0x000001e67f798190
Event: 76.405 Thread 0x000001e64161dd70 Thread exited: 0x000001e64161dd70
Event: 76.405 Thread 0x000001e641621f10 Thread exited: 0x000001e641621f10
Event: 89.526 Thread 0x000001e64161f120 Thread exited: 0x000001e64161f120
Event: 89.526 Thread 0x000001e64161fe40 Thread exited: 0x000001e64161fe40
Event: 89.565 Thread 0x000001e6413b5490 Thread exited: 0x000001e6413b5490
Event: 94.373 Thread 0x000001e6789789e0 Thread added: 0x000001e641e9b030
Event: 94.384 Thread 0x000001e6416211f0 Thread exited: 0x000001e6416211f0
Event: 94.402 Thread 0x000001e67d96e240 Thread exited: 0x000001e67d96e240
Event: 94.432 Thread 0x000001e6413b5b20 Thread added: 0x000001e64161ea90
Event: 94.442 Thread 0x000001e64161ea90 Thread exited: 0x000001e64161ea90
Event: 94.464 Thread 0x000001e6413b5b20 Thread added: 0x000001e64161f120
Event: 94.466 Thread 0x000001e64161f120 Thread exited: 0x000001e64161f120
Event: 95.685 Thread 0x000001e6418fdf20 Thread added: 0x000001e64161ea90
Event: 96.054 Thread 0x000001e641e9b030 Thread exited: 0x000001e641e9b030
Event: 154.621 Thread 0x000001e67d96ef60 Thread exited: 0x000001e67d96ef60
Event: 155.014 Thread 0x000001e67d96d520 Thread exited: 0x000001e67d96d520
Event: 156.534 Thread 0x000001e64161ea90 Thread exited: 0x000001e64161ea90


Dynamic libraries:
0x00007ff71cad0000 - 0x00007ff71cade000 	c:\Users\didieraitondji\.vscode\extensions\redhat.java-1.53.0-win32-x64\jre\21.0.10-win32-x86_64\bin\java.exe
0x00007fffba8e0000 - 0x00007fffbab47000 	C:\WINDOWS\SYSTEM32\ntdll.dll
0x00007fffb9e40000 - 0x00007fffb9f09000 	C:\WINDOWS\System32\KERNEL32.DLL
0x00007fffb7480000 - 0x00007fffb7871000 	C:\WINDOWS\System32\KERNELBASE.dll
0x00007fffb8530000 - 0x00007fffb867b000 	C:\WINDOWS\System32\ucrtbase.dll
0x00007fff7d010000 - 0x00007fff7d02e000 	c:\Users\didieraitondji\.vscode\extensions\redhat.java-1.53.0-win32-x64\jre\21.0.10-win32-x86_64\bin\VCRUNTIME140.dll
0x00007fff76ca0000 - 0x00007fff76cb8000 	c:\Users\didieraitondji\.vscode\extensions\redhat.java-1.53.0-win32-x64\jre\21.0.10-win32-x86_64\bin\jli.dll
0x00007fffba530000 - 0x00007fffba6f5000 	C:\WINDOWS\System32\USER32.dll
0x00007fff9aa40000 - 0x00007fff9acd3000 	C:\WINDOWS\WinSxS\amd64_microsoft.windows.common-controls_6595b64144ccf1df_6.0.26100.7922_none_3e089e1ee3342171\COMCTL32.dll
0x00007fffb7880000 - 0x00007fffb78a7000 	C:\WINDOWS\System32\win32u.dll
0x00007fffb9f20000 - 0x00007fffb9fc9000 	C:\WINDOWS\System32\msvcrt.dll
0x00007fffba230000 - 0x00007fffba25b000 	C:\WINDOWS\System32\GDI32.dll
0x00007fffb7960000 - 0x00007fffb7a8a000 	C:\WINDOWS\System32\gdi32full.dll
0x00007fffb78b0000 - 0x00007fffb7953000 	C:\WINDOWS\System32\msvcp_win.dll
0x00007fffba4f0000 - 0x00007fffba521000 	C:\WINDOWS\System32\IMM32.DLL
0x00007fffb1530000 - 0x00007fffb153c000 	c:\Users\didieraitondji\.vscode\extensions\redhat.java-1.53.0-win32-x64\jre\21.0.10-win32-x86_64\bin\vcruntime140_1.dll
0x00007fff29bd0000 - 0x00007fff29c5d000 	c:\Users\didieraitondji\.vscode\extensions\redhat.java-1.53.0-win32-x64\jre\21.0.10-win32-x86_64\bin\msvcp140.dll
0x00007ffeffef0000 - 0x00007fff00c91000 	c:\Users\didieraitondji\.vscode\extensions\redhat.java-1.53.0-win32-x64\jre\21.0.10-win32-x86_64\bin\server\jvm.dll
0x00007fffb8ac0000 - 0x00007fffb8b7b000 	C:\WINDOWS\System32\ADVAPI32.dll
0x00007fffba340000 - 0x00007fffba3e7000 	C:\WINDOWS\System32\sechost.dll
0x00007fffb9cf0000 - 0x00007fffb9e08000 	C:\WINDOWS\System32\RPCRT4.dll
0x00007fffba1b0000 - 0x00007fffba224000 	C:\WINDOWS\System32\WS2_32.dll
0x00007fffb7020000 - 0x00007fffb707e000 	C:\WINDOWS\SYSTEM32\POWRPROF.dll
0x00007fffa1120000 - 0x00007fffa1155000 	C:\WINDOWS\SYSTEM32\WINMM.dll
0x00007fffb0de0000 - 0x00007fffb0deb000 	C:\WINDOWS\SYSTEM32\VERSION.dll
0x00007fffb7000000 - 0x00007fffb7014000 	C:\WINDOWS\SYSTEM32\UMPDC.dll
0x00007fffb5f10000 - 0x00007fffb5f2b000 	C:\WINDOWS\SYSTEM32\kernel.appcore.dll
0x00007fffa0360000 - 0x00007fffa036a000 	c:\Users\didieraitondji\.vscode\extensions\redhat.java-1.53.0-win32-x64\jre\21.0.10-win32-x86_64\bin\jimage.dll
0x00007fffb52b0000 - 0x00007fffb54f2000 	C:\WINDOWS\SYSTEM32\DBGHELP.DLL
0x00007fffb92f0000 - 0x00007fffb9672000 	C:\WINDOWS\System32\combase.dll
0x00007fffba260000 - 0x00007fffba337000 	C:\WINDOWS\System32\OLEAUT32.dll
0x00007fff91200000 - 0x00007fff9123b000 	C:\WINDOWS\SYSTEM32\dbgcore.DLL
0x00007fffb71c0000 - 0x00007fffb7265000 	C:\WINDOWS\System32\bcryptPrimitives.dll
0x00007fff9c9d0000 - 0x00007fff9c9df000 	c:\Users\didieraitondji\.vscode\extensions\redhat.java-1.53.0-win32-x64\jre\21.0.10-win32-x86_64\bin\instrument.dll
0x00007fff5da10000 - 0x00007fff5da30000 	c:\Users\didieraitondji\.vscode\extensions\redhat.java-1.53.0-win32-x64\jre\21.0.10-win32-x86_64\bin\java.dll
0x00007fffb8b80000 - 0x00007fffb92df000 	C:\WINDOWS\System32\SHELL32.dll
0x00007fffb7b50000 - 0x00007fffb7cba000 	C:\WINDOWS\System32\wintypes.dll
0x00007fffb7cc0000 - 0x00007fffb8524000 	C:\WINDOWS\System32\windows.storage.dll
0x00007fffba3f0000 - 0x00007fffba4e7000 	C:\WINDOWS\System32\SHCORE.dll
0x00007fffb88e0000 - 0x00007fffb8947000 	C:\WINDOWS\System32\shlwapi.dll
0x00007fffb70e0000 - 0x00007fffb7109000 	C:\WINDOWS\SYSTEM32\profapi.dll
0x00007fff3ddd0000 - 0x00007fff3dde8000 	c:\Users\didieraitondji\.vscode\extensions\redhat.java-1.53.0-win32-x64\jre\21.0.10-win32-x86_64\bin\zip.dll
0x00007fffa0320000 - 0x00007fffa0330000 	C:\Users\didieraitondji\.vscode\extensions\redhat.java-1.53.0-win32-x64\jre\21.0.10-win32-x86_64\bin\net.dll
0x00007fffaf3c0000 - 0x00007fffaf4e7000 	C:\WINDOWS\SYSTEM32\WINHTTP.dll
0x00007fffb6460000 - 0x00007fffb64cb000 	C:\WINDOWS\system32\mswsock.dll
0x00007fff3c3d0000 - 0x00007fff3c3e6000 	C:\Users\didieraitondji\.vscode\extensions\redhat.java-1.53.0-win32-x64\jre\21.0.10-win32-x86_64\bin\nio.dll
0x00007fff9a0b0000 - 0x00007fff9a0c0000 	c:\Users\didieraitondji\.vscode\extensions\redhat.java-1.53.0-win32-x64\jre\21.0.10-win32-x86_64\bin\verify.dll
0x00007fff66fa0000 - 0x00007fff66fe5000 	C:\Users\didieraitondji\AppData\Roaming\Code\User\globalStorage\redhat.java\1.53.0\config_win\org.eclipse.equinox.launcher\org.eclipse.equinox.launcher.win32.win32.x86_64_1.3.0.v20260203-2149\eclipse_11919.dll
0x00007fffba700000 - 0x00007fffba895000 	C:\WINDOWS\System32\ole32.dll
0x00007fff99420000 - 0x00007fff9942a000 	C:\Users\didieraitondji\.vscode\extensions\redhat.java-1.53.0-win32-x64\jre\21.0.10-win32-x86_64\bin\management.dll
0x00007fff98890000 - 0x00007fff9889c000 	C:\Users\didieraitondji\.vscode\extensions\redhat.java-1.53.0-win32-x64\jre\21.0.10-win32-x86_64\bin\management_ext.dll
0x00007fffb8820000 - 0x00007fffb8828000 	C:\WINDOWS\System32\PSAPI.DLL
0x00007fffb6860000 - 0x00007fffb687b000 	C:\WINDOWS\SYSTEM32\CRYPTSP.dll
0x00007fffb5e70000 - 0x00007fffb5ea9000 	C:\WINDOWS\system32\rsaenh.dll
0x00007fffb6510000 - 0x00007fffb6542000 	C:\WINDOWS\SYSTEM32\USERENV.dll
0x00007fffb70b0000 - 0x00007fffb70da000 	C:\WINDOWS\SYSTEM32\bcrypt.dll
0x00007fffb66c0000 - 0x00007fffb66cc000 	C:\WINDOWS\SYSTEM32\CRYPTBASE.dll
0x00007fffb5900000 - 0x00007fffb5933000 	C:\WINDOWS\SYSTEM32\IPHLPAPI.DLL
0x00007fffb8780000 - 0x00007fffb878a000 	C:\WINDOWS\System32\NSI.dll
0x00007fff3ad90000 - 0x00007fff3add9000 	C:\Users\didieraitondji\AppData\Local\Temp\jna-1678218127\jna9922141423177402294.dll
0x00007fffb0210000 - 0x00007fffb022d000 	C:\WINDOWS\SYSTEM32\dhcpcsvc6.DLL
0x00007fffb0090000 - 0x00007fffb00b3000 	C:\WINDOWS\SYSTEM32\dhcpcsvc.DLL
0x00007fff984c0000 - 0x00007fff984ce000 	C:\Users\didieraitondji\.vscode\extensions\redhat.java-1.53.0-win32-x64\jre\21.0.10-win32-x86_64\bin\sunmscapi.dll
0x00007fffb7300000 - 0x00007fffb7477000 	C:\WINDOWS\System32\CRYPT32.dll
0x00007fffb69c0000 - 0x00007fffb69f0000 	C:\WINDOWS\SYSTEM32\ncrypt.dll
0x00007fffb6970000 - 0x00007fffb69af000 	C:\WINDOWS\SYSTEM32\NTASN1.dll
0x00007fffb5990000 - 0x00007fffb5aba000 	C:\WINDOWS\SYSTEM32\DNSAPI.dll
0x00007fffa9b20000 - 0x00007fffa9b2b000 	C:\Windows\System32\rasadhlp.dll
0x00007fffaaf00000 - 0x00007fffaaf86000 	C:\WINDOWS\System32\fwpuclnt.dll
0x00007fff8be50000 - 0x00007fff8be59000 	C:\Users\didieraitondji\.vscode\extensions\redhat.java-1.53.0-win32-x64\jre\21.0.10-win32-x86_64\bin\extnet.dll
0x00007fff9caa0000 - 0x00007fff9cac7000 	C:\Users\didieraitondji\.gradle\native\c067742578af261105cb4f569cf0c3c89f3d7b1fecec35dd04571415982c5e48\windows-amd64\native-platform.dll
0x00007fffa02a0000 - 0x00007fffa02a8000 	C:\WINDOWS\system32\wshunix.dll

JVMTI agents:
c:\Users\didieraitondji\.vscode\extensions\redhat.java-1.53.0-win32-x64\lombok\lombok-1.18.39-4050.jar path:c:\Users\didieraitondji\.vscode\extensions\redhat.java-1.53.0-win32-x64\jre\21.0.10-win32-x86_64\bin\instrument.dll, loaded, initialized, instrumentlib options:none

dbghelp: loaded successfully - version: 4.0.5 - missing functions: none
symbol engine: initialized successfully - sym options: 0x614 - pdb path: .;c:\Users\didieraitondji\.vscode\extensions\redhat.java-1.53.0-win32-x64\jre\21.0.10-win32-x86_64\bin;C:\WINDOWS\SYSTEM32;C:\WINDOWS\WinSxS\amd64_microsoft.windows.common-controls_6595b64144ccf1df_6.0.26100.7922_none_3e089e1ee3342171;c:\Users\didieraitondji\.vscode\extensions\redhat.java-1.53.0-win32-x64\jre\21.0.10-win32-x86_64\bin\server;C:\Users\didieraitondji\AppData\Roaming\Code\User\globalStorage\redhat.java\1.53.0\config_win\org.eclipse.equinox.launcher\org.eclipse.equinox.launcher.win32.win32.x86_64_1.3.0.v20260203-2149;C:\Users\didieraitondji\AppData\Local\Temp\jna-1678218127;C:\Users\didieraitondji\.gradle\native\c067742578af261105cb4f569cf0c3c89f3d7b1fecec35dd04571415982c5e48\windows-amd64

VM Arguments:
jvm_args: --add-modules=ALL-SYSTEM --add-opens=java.base/java.util=ALL-UNNAMED --add-opens=java.base/java.lang=ALL-UNNAMED --add-opens=java.base/sun.nio.fs=ALL-UNNAMED -Declipse.application=org.eclipse.jdt.ls.core.id1 -Dosgi.bundles.defaultStartLevel=4 -Declipse.product=org.eclipse.jdt.ls.core.product -Djava.import.generatesMetadataFilesAtProjectRoot=false -DDetectVMInstallationsJob.disabled=true -Dfile.encoding=utf8 -XX:+UseParallelGC -XX:GCTimeRatio=4 -XX:AdaptiveSizePolicyWeight=90 -Dsun.zip.disableMemoryMapping=true -Xmx2G -Xms100m -Xlog:disable -javaagent:c:\Users\didieraitondji\.vscode\extensions\redhat.java-1.53.0-win32-x64\lombok\lombok-1.18.39-4050.jar -XX:+HeapDumpOnOutOfMemoryError -XX:HeapDumpPath=c:\Users\didieraitondji\AppData\Roaming\Code\User\workspaceStorage\8139a7c7f7bf452c962a912c12c8c4a0\redhat.java -Daether.dependencyCollector.impl=bf 
java_command: c:\Users\didieraitondji\.vscode\extensions\redhat.java-1.53.0-win32-x64\server\plugins\org.eclipse.equinox.launcher_1.7.100.v20251111-0406.jar -configuration c:\Users\didieraitondji\AppData\Roaming\Code\User\globalStorage\redhat.java\1.53.0\config_win -data c:\Users\didieraitondji\AppData\Roaming\Code\User\workspaceStorage\8139a7c7f7bf452c962a912c12c8c4a0\redhat.java\jdt_ws --pipe=\\.\pipe\lsp-762610c927f9c4ca75d9c0b22632e6a7-sock
java_class_path (initial): c:\Users\didieraitondji\.vscode\extensions\redhat.java-1.53.0-win32-x64\server\plugins\org.eclipse.equinox.launcher_1.7.100.v20251111-0406.jar
Launcher Type: SUN_STANDARD

[Global flags]
    uintx AdaptiveSizePolicyWeight                 = 90                                        {product} {command line}
     intx CICompilerCount                          = 4                                         {product} {ergonomic}
    uintx GCTimeRatio                              = 4                                         {product} {command line}
     bool HeapDumpOnOutOfMemoryError               = true                                   {manageable} {command line}
    ccstr HeapDumpPath                             = c:\Users\didieraitondji\AppData\Roaming\Code\User\workspaceStorage\8139a7c7f7bf452c962a912c12c8c4a0\redhat.java         {manageable} {command line}
   size_t InitialHeapSize                          = 104857600                                 {product} {command line}
   size_t MaxHeapSize                              = 2147483648                                {product} {command line}
   size_t MaxNewSize                               = 715653120                                 {product} {ergonomic}
   size_t MinHeapDeltaBytes                        = 524288                                    {product} {ergonomic}
   size_t MinHeapSize                              = 104857600                                 {product} {command line}
   size_t NewSize                                  = 34603008                                  {product} {ergonomic}
    uintx NonNMethodCodeHeapSize                   = 5839372                                {pd product} {ergonomic}
    uintx NonProfiledCodeHeapSize                  = 122909434                              {pd product} {ergonomic}
   size_t OldSize                                  = 70254592                                  {product} {ergonomic}
    uintx ProfiledCodeHeapSize                     = 122909434                              {pd product} {ergonomic}
    uintx ReservedCodeCacheSize                    = 251658240                              {pd product} {ergonomic}
     bool SegmentedCodeCache                       = true                                      {product} {ergonomic}
   size_t SoftMaxHeapSize                          = 2147483648                             {manageable} {ergonomic}
     bool UseCompressedOops                        = true                           {product lp64_product} {ergonomic}
     bool UseLargePagesIndividualAllocation        = false                                  {pd product} {ergonomic}
     bool UseParallelGC                            = true                                      {product} {command line}

Logging:
Log output configuration:
 #0: stdout all=off uptime,level,tags foldmultilines=false
 #1: stderr all=off uptime,level,tags foldmultilines=false

Release file:
JAVA_VERSION="21.0.10" 
MODULES="java.base java.compiler java.datatransfer java.xml java.prefs java.desktop java.instrument java.logging java.management java.security.sasl java.naming java.rmi java.management.rmi java.net.http java.scripting java.security.jgss java.transaction.xa java.sql java.sql.rowset java.xml.crypto java.se java.smartcardio jdk.accessibility jdk.internal.jvmstat jdk.attach jdk.charsets jdk.internal.opt jdk.zipfs jdk.compiler jdk.crypto.ec jdk.crypto.cryptoki jdk.crypto.mscapi jdk.dynalink jdk.internal.ed jdk.editpad jdk.hotspot.agent jdk.httpserver jdk.internal.le jdk.internal.vm.ci jdk.internal.vm.compiler jdk.internal.vm.compiler.management jdk.jartool jdk.javadoc jdk.jcmd jdk.management jdk.management.agent jdk.jconsole jdk.jdeps jdk.jdwp.agent jdk.jdi jdk.jfr jdk.jshell jdk.jsobject jdk.jstatd jdk.localedata jdk.management.jfr jdk.naming.dns jdk.naming.rmi jdk.net jdk.nio.mapmode jdk.random jdk.sctp jdk.security.auth jdk.security.jgss jdk.unsupported jdk.unsupported.desktop jdk.xml.dom" 

Environment Variables:
PATH=C:\Users\didieraitondji\bin;C:\Program Files\Git\mingw64\bin;C:\Program Files\Git\usr\local\bin;C:\Program Files\Git\usr\bin;C:\Program Files\Git\usr\bin;C:\Program Files\Git\mingw64\bin;C:\Program Files\Git\usr\bin;C:\Users\didieraitondji\bin;C:\app\didieraitondji\product\21c\dbhomeXE\bin;C:\Program Files\ImageMagick-7.1.1-Q16-HDRI;C:\Program Files\Python312\Scripts;C:\Program Files\Python312;C:\Program Files\Common Files\Oracle\Java\javapath;C:\WINDOWS\system32;C:\WINDOWS;C:\WINDOWS\System32\Wbem;C:\WINDOWS\System32\WindowsPowerShell\v1.0;C:\WINDOWS\System32\OpenSSH;C:\texlive\2023\bin\windows;C:\Program Files\Git\cmd;C:\ProgramData\chocolatey\bin;C:\composer;C:\Program Files\gs\gs10.03.1\bin;C:\Program Files\PuTTY;C:\Program Files\MongoDB\Server\8.0\bin;C:\ProgramData\anaconda3\Scripts;C:\ProgramData\anaconda3;C:\Program Files\dotnet;C:\Users\didieraitondji\AppData\Local\nvm;C:\nvm4w\nodejs;C:\Users\didieraitondji\AppData\Local\Muse Hub\lib;C:\Users\didieraitondji\.pyenv\pyenv-win\bin;C:\Users\didieraitondji\.pyenv\pyenv-win\shims;C:\Users\didieraitondji\AppData\Local\Microsoft\WindowsApps;C:\Users\didieraitondji\AppData\Local\Programs\Microsoft VS Code\bin;C:\wamp\bin\php\php8.3.6;C:\Users\didieraitondji\AppData\Roaming\npm;C:\Users\didieraitondji\AppData\Roaming\Composer\vendor\bin;C:\Program Files\Tesseract-OCR;C:\Program Files\JetBrains\IntelliJ IDEA Community Edition 2024.2.4\bin;C:\Program Files\Python312\Scripts;C:\maven\bin;C:\Users\didieraitondji\AppData\Local\Programs\mongosh;C:\ffmpeg\bin;C:\Users\didieraitondji\AppData\Local\Muse Hub\lib;C:\Users\didieraitondji\AppData\Local\Pandoc;C:\Users\didieraitondji\AppData\Local\Muse Hub\lib;C:\src\flutter\bin;C:\Users\didieraitondji\AppData\Local\Android\Sdk\cmdline-tools\latest\bin;C:\Users\didieraitondji\AppData\Local\Android\Sdk\platform-tools;C:\Users\didieraitondji\AppData\Local\nvm;C:\nvm4w\nodejs;C:\Program Files\Git\usr\bin\vendor_perl;C:\Program Files\Git\usr\bin\core_perl
USERNAME=didieraitondji
SHELL=C:\Program Files\Git\usr\bin\bash.exe
DISPLAY=needs-to-be-defined
LC_CTYPE=fr_FR.UTF-8
TERM=xterm
TMPDIR=C:\Users\DIDIER~1\AppData\Local\Temp
OS=Windows_NT
PROCESSOR_IDENTIFIER=Intel64 Family 6 Model 142 Stepping 12, GenuineIntel
TMP=C:\Users\DIDIER~1\AppData\Local\Temp
TEMP=C:\Users\DIDIER~1\AppData\Local\Temp




Periodic native trim disabled

---------------  S Y S T E M  ---------------

OS:
 Windows 11 , 64 bit Build 26100 (10.0.26100.7920)
OS uptime: 9 days 8:11 hours
Hyper-V role detected

CPU: total 8 (initial active 8) (4 cores per cpu, 2 threads per core) family 6 model 142 stepping 12 microcode 0x100, cx8, cmov, fxsr, ht, mmx, 3dnowpref, sse, sse2, sse3, ssse3, sse4.1, sse4.2, popcnt, lzcnt, tsc, tscinvbit, avx, avx2, aes, erms, clmul, bmi1, bmi2, adx, fma, vzeroupper, clflush, clflushopt, hv, rdtscp, f16c
Processor Information for the first 8 processors :
  Max Mhz: 2304, Current Mhz: 1803, Mhz Limit: 1797

Memory: 4k page, system-wide physical 15782M (2638M free)
TotalPageFile size 44343M (AvailPageFile size 81M)
current process WorkingSet (physical memory assigned to process): 9M, peak: 315M
current process commit charge ("private bytes"): 371M, peak: 414M

vm_info: OpenJDK 64-Bit Server VM (21.0.10+7-LTS) for windows-amd64 JRE (21.0.10+7-LTS), built on 2026-01-20T00:00:00Z by "admin" with MS VC++ 17.12 (VS2022)

END.
